// Jest Snapshot v1, https://goo.gl/fbAQLP

exports[`CreateAccount matches snapshot 1`] = `
<View
  style={
    Object {
      "flex": 1,
    }
  }
>
  <RCTScrollView
    style={
      Object {
        "flex": 1,
      }
    }
    testID="createAccount"
  >
    <View>
      <View
        onLayout={[Function]}
        style={
          Array [
            Object {
              "flex": 1,
            },
            Object {
              "paddingBottom": 0,
            },
          ]
        }
      >
        <View
          style={
            Object {
              "paddingBottom": 40,
              "paddingTop": 30,
            }
          }
        >
          <View
            style={
              Object {
                "flexDirection": "row",
                "justifyContent": "center",
              }
            }
          >
            <RNSVGSvgView
              bbHeight="100"
              bbWidth="100"
              focusable={false}
              height="100"
              style={
                Array [
                  Object {
                    "backgroundColor": "transparent",
                    "borderWidth": 0,
                  },
                  Object {
                    "flex": 0,
                    "height": 100,
                    "width": 100,
                  },
                ]
              }
              width="100"
            >
              <RNSVGGroup>
                <RNSVGCircle
                  cx="50"
                  cy="50"
                  fill={null}
                  propList={
                    Array [
                      "fill",
                      "stroke",
                      "strokeWidth",
                    ]
                  }
                  r="46"
                  stroke={4294967295}
                  strokeWidth={2}
                />
                <RNSVGLine
                  propList={
                    Array [
                      "stroke",
                      "strokeWidth",
                    ]
                  }
                  stroke={4294967295}
                  strokeWidth={1}
                  x1="30"
                  x2="30"
                  y1="0"
                  y2="100"
                />
                <RNSVGLine
                  propList={
                    Array [
                      "stroke",
                      "strokeWidth",
                    ]
                  }
                  stroke={4294967295}
                  strokeWidth={1}
                  x1="74"
                  x2="74"
                  y1="0"
                  y2="100"
                />
                <RNSVGLine
                  propList={
                    Array [
                      "stroke",
                      "strokeWidth",
                    ]
                  }
                  stroke={4294967295}
                  strokeWidth={1}
                  x1="0"
                  x2="100"
                  y1="22"
                  y2="22"
                />
                <RNSVGLine
                  propList={
                    Array [
                      "stroke",
                      "strokeWidth",
                    ]
                  }
                  stroke={4294967295}
                  strokeWidth={1}
                  x1="0"
                  x2="100"
                  y1="74"
                  y2="74"
                />
                <RNSVGText
                  content={null}
                  dx={Array []}
                  dy={Array []}
                  fill={null}
                  font={
                    Object {
                      "fontSize": "60",
                      "fontWeight": "bold",
                      "textAnchor": "middle",
                    }
                  }
                  propList={
                    Array [
                      "fill",
                      "stroke",
                      "strokeWidth",
                    ]
                  }
                  rotate={Array []}
                  stroke={4294967295}
                  strokeWidth={2}
                  x={
                    Array [
                      "52",
                    ]
                  }
                  y={
                    Array [
                      "70",
                    ]
                  }
                >
                  <RNSVGTSpan
                    content="B"
                    dx={Array []}
                    dy={Array []}
                    font={Object {}}
                    rotate={Array []}
                    x={Array []}
                    y={Array []}
                  />
                </RNSVGText>
              </RNSVGGroup>
            </RNSVGSvgView>
          </View>
        </View>
        <View
          style={
            Array [
              Object {
                "backgroundColor": "#0085ff",
                "borderColor": "#ffffff",
                "borderRadius": 10,
                "borderWidth": 1,
                "marginBottom": 20,
                "marginHorizontal": 20,
              },
            ]
          }
        >
          <View
            style={
              Object {
                "alignItems": "center",
                "flexDirection": "row",
                "paddingHorizontal": 12,
                "paddingVertical": 8,
              }
            }
          >
            <Text
              style={
                Array [
                  Object {
                    "color": "#000000",
                  },
                  Object {
                    "fontSize": 17,
                    "letterSpacing": 0.2,
                  },
                  Array [
                    Object {
                      "color": "#ffffff",
                    },
                    Object {
                      "fontSize": 18,
                    },
                    Object {
                      "fontWeight": "bold",
                    },
                  ],
                ]
              }
            >
              Create a new account
            </Text>
          </View>
          <View
            style={
              Object {
                "alignItems": "center",
                "borderTopColor": "#8bc7fd",
                "borderTopWidth": 1,
                "flexDirection": "row",
              }
            }
          >
            <
              icon="globe"
              style={
                Object {
                  "color": "white",
                  "marginLeft": 10,
                }
              }
            />
            <View
              accessible={true}
              collapsable={false}
              focusable={true}
              onClick={[Function]}
              onResponderGrant={[Function]}
              onResponderMove={[Function]}
              onResponderRelease={[Function]}
              onResponderTerminate={[Function]}
              onResponderTerminationRequest={[Function]}
              onStartShouldSetResponder={[Function]}
              style={
                Object {
                  "alignItems": "center",
                  "flex": 1,
                  "flexDirection": "row",
                  "opacity": 1,
                }
              }
              testID="registerSelectServiceButton"
            >
              <Text
                style={
                  Array [
                    Object {
                      "color": "#000000",
                    },
                    Object {
                      "fontSize": 17,
                      "letterSpacing": 0.2,
                    },
                    Object {
                      "color": "#ffffff",
                      "flex": 1,
                      "fontSize": 18,
                      "paddingHorizontal": 12,
                      "paddingVertical": 10,
                    },
                  ]
                }
              >
                Bluesky Social
              </Text>
              <View
                style={
                  Object {
                    "alignItems": "center",
                    "backgroundColor": "#52acfe",
                    "borderRadius": 6,
                    "flexDirection": "row",
                    "marginHorizontal": 6,
                    "paddingHorizontal": 8,
                    "paddingVertical": 6,
                  }
                }
              >
                <
                  icon="pen"
                  size={12}
                  style={
                    Object {
                      "color": "#ffffff",
                      "marginRight": 4,
                    }
                  }
                />
                <Text
                  style={
                    Array [
                      Object {
                        "color": "#000000",
                      },
                      Object {
                        "fontSize": 17,
                        "letterSpacing": 0.2,
                      },
                      Object {
                        "color": "#ffffff",
                      },
                    ]
                  }
                >
                  Change
                </Text>
              </View>
            </View>
          </View>
        </View>
        <View
          style={
            Array [
              Object {
                "flexDirection": "row",
              },
              Object {
                "paddingLeft": 20,
              },
              Object {
                "paddingRight": 20,
              },
            ]
          }
        >
          <View
            accessible={true}
            collapsable={false}
            focusable={true}
            onClick={[Function]}
            onResponderGrant={[Function]}
            onResponderMove={[Function]}
            onResponderRelease={[Function]}
            onResponderTerminate={[Function]}
            onResponderTerminationRequest={[Function]}
            onStartShouldSetResponder={[Function]}
            style={
              Object {
                "opacity": 1,
              }
            }
          >
            <Text
              style={
                Array [
                  Object {
                    "color": "#000000",
                  },
                  Object {
                    "fontSize": 17,
                    "letterSpacing": 0.2,
                  },
                  Array [
                    Object {
                      "color": "#ffffff",
                    },
                    Object {
                      "fontSize": 18,
                    },
                    Object {
                      "paddingLeft": 5,
                    },
                  ],
                ]
              }
            >
              Back
            </Text>
          </View>
          <View
            style={
              Object {
                "flex": 1,
              }
            }
          />
          <ActivityIndicator
            color="#fff"
          />
          <Text
            style={
              Array [
                Object {
                  "color": "#000000",
                },
                Object {
                  "fontSize": 17,
                  "letterSpacing": 0.2,
                },
                Array [
                  Object {
                    "color": "#ffffff",
                  },
                  Object {
                    "fontSize": 18,
                  },
                  Object {
                    "paddingLeft": 5,
                  },
                  Object {
                    "paddingRight": 5,
                  },
                ],
              ]
            }
          >
            Connecting...
          </Text>
        </View>
        <View
          style={
            Object {
              "height": 100,
            }
          }
        />
      </View>
    </View>
  </RCTScrollView>
</View>
`;
