// Jest Snapshot v1, https://goo.gl/fbAQLP

exports[`SuggestedFollows matches snapshot 1`] = `
<View
  style={
    Object {
      "flex": 1,
    }
  }
>
  <View
    style={
      Object {
        "flex": 1,
      }
    }
  >
    <View
      style={
        Array [
          Object {
            "flex": 1,
          },
          Object {
            "backgroundColor": "#ffffff",
          },
        ]
      }
    >
      <RCTScrollView
        data={
          Array [
            Object {
              "_reactKey": "1",
              "declaration": Object {
                "actorType": "app.bsky.system.actorUser",
                "cid": "",
              },
              "description": "desc",
              "did": "1",
              "displayName": "test name 1",
              "handle": "handle1.test",
              "indexedAt": "",
            },
            Object {
              "_reactKey": "2",
              "declaration": Object {
                "actorType": "app.bsky.system.actorUser",
                "cid": "",
              },
              "description": "desc",
              "did": "2",
              "displayName": "handle2.test",
              "handle": "",
              "indexedAt": "",
            },
          ]
        }
        getItem={[Function]}
        getItemCount={[Function]}
        keyExtractor={[Function]}
        onContentSizeChange={[Function]}
        onLayout={[Function]}
        onMomentumScrollBegin={[Function]}
        onMomentumScrollEnd={[Function]}
        onScroll={[Function]}
        onScrollBeginDrag={[Function]}
        onScrollEndDrag={[Function]}
        removeClippedSubviews={false}
        renderItem={[Function]}
        scrollEventThrottle={50}
        stickyHeaderIndices={Array []}
        style={
          Object {
            "flex": 1,
          }
        }
        viewabilityConfigCallbackPairs={Array []}
      >
        <View>
          <View
            onLayout={[Function]}
            style={null}
          >
            <View
              accessible={true}
              collapsable={false}
              focusable={true}
              onClick={[Function]}
              onResponderGrant={[Function]}
              onResponderMove={[Function]}
              onResponderRelease={[Function]}
              onResponderTerminate={[Function]}
              onResponderTerminationRequest={[Function]}
              onStartShouldSetResponder={[Function]}
              style={
                Object {
                  "opacity": 1,
                }
              }
            >
              <View
                style={
                  Array [
                    Object {
                      "borderTopWidth": 1,
                    },
                    Object {
                      "backgroundColor": "#ffffff",
                    },
                    Object {
                      "borderColor": "#e4e2e2",
                    },
                  ]
                }
              >
                <View
                  style={
                    Object {
                      "flexDirection": "row",
                    }
                  }
                >
                  <View
                    style={
                      Object {
                        "paddingBottom": 10,
                        "paddingLeft": 10,
                        "paddingTop": 10,
                        "width": 60,
                      }
                    }
                  >
                    <RNSVGSvgView
                      align="xMidYMid"
                      bbHeight={40}
                      bbWidth={40}
                      focusable={false}
                      height={40}
                      meetOrSlice={0}
                      minX={0}
                      minY={0}
                      style={
                        Array [
                          Object {
                            "backgroundColor": "transparent",
                            "borderWidth": 0,
                          },
                          Object {
                            "flex": 0,
                            "height": 40,
                            "width": 40,
                          },
                        ]
                      }
                      vbHeight={100}
                      vbWidth={100}
                      width={40}
                    >
                      <RNSVGGroup>
                        <RNSVGDefs>
                          <RNSVGLinearGradient
                            gradient={
                              Array [
                                0,
                                -1292135,
                                1,
                                -2424577,
                              ]
                            }
                            gradientTransform={null}
                            gradientUnits={0}
                            name="grad"
                            x1="0"
                            x2="1"
                            y1="0"
                            y2="1"
                          />
                        </RNSVGDefs>
                        <RNSVGCircle
                          cx="50"
                          cy="50"
                          fill={
                            Array [
                              1,
                              "grad",
                            ]
                          }
                          propList={
                            Array [
                              "fill",
                            ]
                          }
                          r="50"
                        />
                        <RNSVGText
                          content={null}
                          dx={Array []}
                          dy={Array []}
                          fill={4294967295}
                          font={
                            Object {
                              "fontSize": "50",
                              "fontWeight": "bold",
                              "textAnchor": "middle",
                            }
                          }
                          propList={
                            Array [
                              "fill",
                            ]
                          }
                          rotate={Array []}
                          x={
                            Array [
                              "50",
                            ]
                          }
                          y={
                            Array [
                              "67",
                            ]
                          }
                        >
                          <RNSVGTSpan
                            content="T"
                            dx={Array []}
                            dy={Array []}
                            font={Object {}}
                            rotate={Array []}
                            x={Array []}
                            y={Array []}
                          />
                        </RNSVGText>
                      </RNSVGGroup>
                    </RNSVGSvgView>
                  </View>
                  <View
                    style={
                      Object {
                        "flex": 1,
                        "paddingRight": 10,
                        "paddingTop": 10,
                      }
                    }
                  >
                    <Text
                      numberOfLines={1}
                      style={
                        Array [
                          Object {
                            "color": "#000000",
                          },
                          Object {
                            "fontSize": 17,
                            "fontWeight": "bold",
                            "letterSpacing": 0.15,
                          },
                          Object {
                            "color": "#000000",
                          },
                        ]
                      }
                    >
                      test name 1
                    </Text>
                    <Text
                      numberOfLines={1}
                      style={
                        Array [
                          Object {
                            "color": "#000000",
                          },
                          Object {
                            "fontSize": 16,
                            "letterSpacing": 0.25,
                          },
                          Object {
                            "color": "#645454",
                          },
                        ]
                      }
                    >
                      @
                      handle1.test
                    </Text>
                  </View>
                  <View
                    style={
                      Object {
                        "paddingRight": 10,
                        "paddingTop": 10,
                      }
                    }
                  >
                    <View
                      accessible={true}
                      collapsable={false}
                      focusable={true}
                      onClick={[Function]}
                      onResponderGrant={[Function]}
                      onResponderMove={[Function]}
                      onResponderRelease={[Function]}
                      onResponderTerminate={[Function]}
                      onResponderTerminationRequest={[Function]}
                      onStartShouldSetResponder={[Function]}
                      style={
                        Object {
                          "opacity": 1,
                        }
                      }
                      testID="followButton"
                    >
                      <BVLinearGradient
                        colors={
                          Array [
                            4292542719,
                            4294901882,
                          ]
                        }
                        endPoint={
                          Object {
                            "x": 1,
                            "y": 1,
                          }
                        }
                        locations={null}
                        startPoint={
                          Object {
                            "x": 0,
                            "y": 0,
                          }
                        }
                        style={
                          Array [
                            Object {
                              "alignItems": "center",
                              "borderRadius": 50,
                              "flexDirection": "row",
                              "justifyContent": "center",
                              "marginLeft": 6,
                              "paddingVertical": 7,
                            },
                            Object {
                              "paddingHorizontal": 24,
                              "paddingVertical": 6,
                            },
                          ]
                        }
                      >
                        <
                          icon="plus"
                          size={15}
                          style={
                            Array [
                              Object {
                                "color": "#ffffff",
                              },
                              Object {
                                "marginRight": 5,
                              },
                            ]
                          }
                        />
                        <Text
                          style={
                            Array [
                              Object {
                                "color": "#000000",
                              },
                              Object {
                                "fontSize": 16,
                                "letterSpacing": 0.25,
                              },
                              Array [
                                Object {
                                  "color": "#ffffff",
                                },
                                Object {
                                  "fontWeight": "600",
                                },
                                Object {
                                  "fontSize": 15,
                                },
                              ],
                            ]
                          }
                        >
                          Follow
                        </Text>
                      </BVLinearGradient>
                    </View>
                  </View>
                </View>
                <View
                  style={
                    Object {
                      "paddingBottom": 10,
                      "paddingLeft": 60,
                      "paddingRight": 10,
                    }
                  }
                >
                  <Text
                    numberOfLines={4}
                    style={
                      Array [
                        Object {
                          "color": "#000000",
                        },
                        Object {
                          "fontSize": 16,
                          "letterSpacing": 0.25,
                        },
                        Object {
                          "color": "#000000",
                        },
                      ]
                    }
                  >
                    desc
                  </Text>
                </View>
              </View>
            </View>
          </View>
          <View
            onLayout={[Function]}
            style={null}
          >
            <View
              accessible={true}
              collapsable={false}
              focusable={true}
              onClick={[Function]}
              onResponderGrant={[Function]}
              onResponderMove={[Function]}
              onResponderRelease={[Function]}
              onResponderTerminate={[Function]}
              onResponderTerminationRequest={[Function]}
              onStartShouldSetResponder={[Function]}
              style={
                Object {
                  "opacity": 1,
                }
              }
            >
              <View
                style={
                  Array [
                    Object {
                      "borderTopWidth": 1,
                    },
                    Object {
                      "backgroundColor": "#ffffff",
                    },
                    Object {
                      "borderColor": "#e4e2e2",
                    },
                  ]
                }
              >
                <View
                  style={
                    Object {
                      "flexDirection": "row",
                    }
                  }
                >
                  <View
                    style={
                      Object {
                        "paddingBottom": 10,
                        "paddingLeft": 10,
                        "paddingTop": 10,
                        "width": 60,
                      }
                    }
                  >
                    <RNSVGSvgView
                      align="xMidYMid"
                      bbHeight={40}
                      bbWidth={40}
                      focusable={false}
                      height={40}
                      meetOrSlice={0}
                      minX={0}
                      minY={0}
                      style={
                        Array [
                          Object {
                            "backgroundColor": "transparent",
                            "borderWidth": 0,
                          },
                          Object {
                            "flex": 0,
                            "height": 40,
                            "width": 40,
                          },
                        ]
                      }
                      vbHeight={100}
                      vbWidth={100}
                      width={40}
                    >
                      <RNSVGGroup>
                        <RNSVGDefs>
                          <RNSVGLinearGradient
                            gradient={
                              Array [
                                0,
                                -1292135,
                                1,
                                -2424577,
                              ]
                            }
                            gradientTransform={null}
                            gradientUnits={0}
                            name="grad"
                            x1="0"
                            x2="1"
                            y1="0"
                            y2="1"
                          />
                        </RNSVGDefs>
                        <RNSVGCircle
                          cx="50"
                          cy="50"
                          fill={
                            Array [
                              1,
                              "grad",
                            ]
                          }
                          propList={
                            Array [
                              "fill",
                            ]
                          }
                          r="50"
                        />
                        <RNSVGText
                          content={null}
                          dx={Array []}
                          dy={Array []}
                          fill={4294967295}
                          font={
                            Object {
                              "fontSize": "50",
                              "fontWeight": "bold",
                              "textAnchor": "middle",
                            }
                          }
                          propList={
                            Array [
                              "fill",
                            ]
                          }
                          rotate={Array []}
                          x={
                            Array [
                              "50",
                            ]
                          }
                          y={
                            Array [
                              "67",
                            ]
                          }
                        >
                          <RNSVGTSpan
                            content="H"
                            dx={Array []}
                            dy={Array []}
                            font={Object {}}
                            rotate={Array []}
                            x={Array []}
                            y={Array []}
                          />
                        </RNSVGText>
                      </RNSVGGroup>
                    </RNSVGSvgView>
                  </View>
                  <View
                    style={
                      Object {
                        "flex": 1,
                        "paddingRight": 10,
                        "paddingTop": 10,
                      }
                    }
                  >
                    <Text
                      numberOfLines={1}
                      style={
                        Array [
                          Object {
                            "color": "#000000",
                          },
                          Object {
                            "fontSize": 17,
                            "fontWeight": "bold",
                            "letterSpacing": 0.15,
                          },
                          Object {
                            "color": "#000000",
                          },
                        ]
                      }
                    >
                      handle2.test
                    </Text>
                    <Text
                      numberOfLines={1}
                      style={
                        Array [
                          Object {
                            "color": "#000000",
                          },
                          Object {
                            "fontSize": 16,
                            "letterSpacing": 0.25,
                          },
                          Object {
                            "color": "#645454",
                          },
                        ]
                      }
                    >
                      @
                      
                    </Text>
                  </View>
                  <View
                    style={
                      Object {
                        "paddingRight": 10,
                        "paddingTop": 10,
                      }
                    }
                  >
                    <View
                      accessible={true}
                      collapsable={false}
                      focusable={true}
                      onClick={[Function]}
                      onResponderGrant={[Function]}
                      onResponderMove={[Function]}
                      onResponderRelease={[Function]}
                      onResponderTerminate={[Function]}
                      onResponderTerminationRequest={[Function]}
                      onStartShouldSetResponder={[Function]}
                      style={
                        Object {
                          "opacity": 1,
                        }
                      }
                      testID="followButton"
                    >
                      <BVLinearGradient
                        colors={
                          Array [
                            4292542719,
                            4294901882,
                          ]
                        }
                        endPoint={
                          Object {
                            "x": 1,
                            "y": 1,
                          }
                        }
                        locations={null}
                        startPoint={
                          Object {
                            "x": 0,
                            "y": 0,
                          }
                        }
                        style={
                          Array [
                            Object {
                              "alignItems": "center",
                              "borderRadius": 50,
                              "flexDirection": "row",
                              "justifyContent": "center",
                              "marginLeft": 6,
                              "paddingVertical": 7,
                            },
                            Object {
                              "paddingHorizontal": 24,
                              "paddingVertical": 6,
                            },
                          ]
                        }
                      >
                        <
                          icon="plus"
                          size={15}
                          style={
                            Array [
                              Object {
                                "color": "#ffffff",
                              },
                              Object {
                                "marginRight": 5,
                              },
                            ]
                          }
                        />
                        <Text
                          style={
                            Array [
                              Object {
                                "color": "#000000",
                              },
                              Object {
                                "fontSize": 16,
                                "letterSpacing": 0.25,
                              },
                              Array [
                                Object {
                                  "color": "#ffffff",
                                },
                                Object {
                                  "fontWeight": "600",
                                },
                                Object {
                                  "fontSize": 15,
                                },
                              ],
                            ]
                          }
                        >
                          Follow
                        </Text>
                      </BVLinearGradient>
                    </View>
                  </View>
                </View>
                <View
                  style={
                    Object {
                      "paddingBottom": 10,
                      "paddingLeft": 60,
                      "paddingRight": 10,
                    }
                  }
                >
                  <Text
                    numberOfLines={4}
                    style={
                      Array [
                        Object {
                          "color": "#000000",
                        },
                        Object {
                          "fontSize": 16,
                          "letterSpacing": 0.25,
                        },
                        Object {
                          "color": "#000000",
                        },
                      ]
                    }
                  >
                    desc
                  </Text>
                </View>
              </View>
            </View>
          </View>
        </View>
      </RCTScrollView>
    </View>
  </View>
</View>
`;
