// Jest Snapshot v1, https://goo.gl/fbAQLP

exports[`ProfileFollows matches snapshot 1`] = `
<View
  style={
    Object {
      "flex": 1,
    }
  }
>
  <View
    testID="profileFollowsView"
  >
    <View
      style={
        Array [
          Object {
            "alignItems": "center",
            "flexDirection": "row",
            "paddingBottom": 6,
            "paddingHorizontal": 12,
            "paddingTop": 6,
          },
          Object {
            "backgroundColor": "#ffffff",
          },
        ]
      }
    >
      <View
        accessible={true}
        collapsable={false}
        focusable={true}
        hitSlop={
          Object {
            "bottom": 10,
            "left": 10,
            "right": 30,
            "top": 10,
          }
        }
        onClick={[Function]}
        onResponderGrant={[Function]}
        onResponderMove={[Function]}
        onResponderRelease={[Function]}
        onResponderTerminate={[Function]}
        onResponderTerminationRequest={[Function]}
        onStartShouldSetResponder={[Function]}
        style={
          Object {
            "height": 30,
            "opacity": 1,
            "width": 40,
          }
        }
      >
        <RNSVGSvgView
          align="xMidYMid"
          bbHeight={30}
          bbWidth={30}
          focusable={false}
          height={30}
          meetOrSlice={0}
          minX={0}
          minY={0}
          style={
            Array [
              Object {
                "backgroundColor": "transparent",
                "borderWidth": 0,
              },
              Object {
                "flex": 0,
                "height": 30,
                "width": 30,
              },
            ]
          }
          vbHeight={100}
          vbWidth={100}
          width={30}
        >
          <RNSVGGroup>
            <RNSVGDefs>
              <RNSVGLinearGradient
                gradient={
                  Array [
                    0,
                    -6862849,
                    1,
                    -16742913,
                  ]
                }
                gradientTransform={null}
                gradientUnits={0}
                name="grad"
                x1="0"
                x2="1"
                y1="0"
                y2="1"
              />
            </RNSVGDefs>
            <RNSVGCircle
              cx="50"
              cy="50"
              fill={
                Array [
                  1,
                  "grad",
                ]
              }
              propList={
                Array [
                  "fill",
                ]
              }
              r="50"
            />
            <RNSVGText
              content={null}
              dx={Array []}
              dy={Array []}
              fill={4294967295}
              font={
                Object {
                  "fontSize": "50",
                  "fontWeight": "bold",
                  "textAnchor": "middle",
                }
              }
              propList={
                Array [
                  "fill",
                ]
              }
              rotate={Array []}
              x={
                Array [
                  "50",
                ]
              }
              y={
                Array [
                  "67",
                ]
              }
            >
              <RNSVGTSpan
                content="T"
                dx={Array []}
                dy={Array []}
                font={Object {}}
                rotate={Array []}
                x={Array []}
                y={Array []}
              />
            </RNSVGText>
          </RNSVGGroup>
        </RNSVGSvgView>
      </View>
      <View
        pointerEvents="none"
        style={
          Object {
            "alignItems": "baseline",
            "flexDirection": "row",
            "marginRight": "auto",
          }
        }
      >
        <Text
          style={
            Array [
              Object {
                "color": "#000000",
              },
              Object {
                "fontSize": 20,
                "fontWeight": "500",
                "letterSpacing": 0.15,
              },
              Object {
                "color": "#000000",
              },
            ]
          }
          testID="headerTitle"
        >
          Followed
        </Text>
        <Text
          numberOfLines={1}
          style={
            Array [
              Object {
                "color": "#000000",
              },
              Object {
                "fontSize": 17,
                "fontWeight": "bold",
                "letterSpacing": 0.15,
              },
              Array [
                Object {
                  "marginLeft": 4,
                  "maxWidth": 200,
                },
                Object {
                  "color": "#645454",
                },
                Object {
                  "fontWeight": "normal",
                },
              ],
            ]
          }
        >
          by test name
        </Text>
      </View>
      <View
        accessible={true}
        collapsable={false}
        focusable={true}
        hitSlop={
          Object {
            "bottom": 10,
            "left": 10,
            "right": 10,
            "top": 10,
          }
        }
        onClick={[Function]}
        onResponderGrant={[Function]}
        onResponderMove={[Function]}
        onResponderRelease={[Function]}
        onResponderTerminate={[Function]}
        onResponderTerminationRequest={[Function]}
        onStartShouldSetResponder={[Function]}
        style={
          Object {
            "alignItems": "center",
            "backgroundColor": "#f8f3f3",
            "borderRadius": 20,
            "flexDirection": "row",
            "height": 36,
            "justifyContent": "center",
            "opacity": 1,
            "width": 36,
          }
        }
      >
        <
          icon="plus"
          size={18}
          style={
            Object {
              "color": "#000000",
            }
          }
        />
      </View>
      <View
        accessible={true}
        collapsable={false}
        focusable={true}
        hitSlop={
          Object {
            "bottom": 10,
            "left": 10,
            "right": 10,
            "top": 10,
          }
        }
        onClick={[Function]}
        onResponderGrant={[Function]}
        onResponderMove={[Function]}
        onResponderRelease={[Function]}
        onResponderTerminate={[Function]}
        onResponderTerminationRequest={[Function]}
        onStartShouldSetResponder={[Function]}
        style={
          Object {
            "alignItems": "center",
            "backgroundColor": "#f8f3f3",
            "borderRadius": 20,
            "flexDirection": "row",
            "height": 36,
            "justifyContent": "center",
            "marginLeft": 4,
            "opacity": 1,
            "width": 36,
          }
        }
      >
        <RNSVGSvgView
          align="xMidYMid"
          bbHeight={18}
          bbWidth={18}
          color={4278190080}
          fill="none"
          focusable={false}
          height={18}
          meetOrSlice={0}
          minX={0}
          minY={0}
          stroke="currentColor"
          strokeWidth={3}
          style={
            Array [
              Object {
                "backgroundColor": "transparent",
                "borderWidth": 0,
              },
              Object {
                "color": "#000000",
              },
              Object {
                "flex": 0,
                "height": 18,
                "width": 18,
              },
            ]
          }
          tintColor={4278190080}
          vbHeight={24}
          vbWidth={24}
          width={18}
        >
          <RNSVGGroup
            fill={null}
            propList={
              Array [
                "fill",
                "stroke",
                "strokeWidth",
              ]
            }
            stroke={
              Array [
                2,
              ]
            }
            strokeWidth={3}
          >
            <RNSVGPath
              d="M21 21l-5.197-5.197m0 0A7.5 7.5 0 105.196 5.196a7.5 7.5 0 0010.607 10.607z"
              propList={
                Array [
                  "strokeLinecap",
                  "strokeLinejoin",
                ]
              }
              strokeLinecap={1}
              strokeLinejoin={1}
            />
          </RNSVGGroup>
        </RNSVGSvgView>
      </View>
      <View
        accessible={true}
        collapsable={false}
        focusable={true}
        onClick={[Function]}
        onResponderGrant={[Function]}
        onResponderMove={[Function]}
        onResponderRelease={[Function]}
        onResponderTerminate={[Function]}
        onResponderTerminationRequest={[Function]}
        onStartShouldSetResponder={[Function]}
        style={
          Object {
            "alignItems": "center",
            "backgroundColor": "#f8f3f3",
            "borderRadius": 20,
            "flexDirection": "row",
            "height": 36,
            "justifyContent": "center",
            "marginLeft": 4,
            "opacity": 1,
            "width": 36,
          }
        }
      >
        <
          icon="signal"
          size={16}
          style={
            Object {
              "color": "#000000",
            }
          }
        />
        <
          icon="x"
          size={8}
          style={
            Object {
              "backgroundColor": "#f8f3f3",
              "bottom": 7,
              "color": "#ec4899",
              "position": "absolute",
              "right": 7,
            }
          }
        />
      </View>
    </View>
    <View
      testID="followList"
    >
      <View
        style={
          Array [
            Object {
              "alignItems": "center",
              "flexDirection": "row",
              "paddingHorizontal": 8,
              "paddingVertical": 8,
            },
            Object {
              "backgroundColor": "#ec4899",
            },
            Object {
              "margin": 6,
            },
          ]
        }
        testID="errorMessageView"
      >
        <View
          style={
            Array [
              Object {
                "alignItems": "center",
                "borderRadius": 12,
                "height": 24,
                "justifyContent": "center",
                "marginRight": 8,
                "width": 24,
              },
              Object {
                "backgroundColor": "#d1106f",
              },
            ]
          }
        >
          <
            icon="exclamation"
            size={16}
            style={
              Object {
                "color": "#ffffff",
              }
            }
          />
        </View>
        <Text
          style={
            Array [
              Object {
                "color": "#000000",
              },
              Object {
                "fontSize": 14,
                "letterSpacing": 0.25,
              },
              Array [
                Object {
                  "flex": 1,
                  "paddingRight": 10,
                },
                Object {
                  "color": "#ffffff",
                },
              ],
            ]
          }
        >
          Failed to load feed: TypeError: this.rootStore.api.app.bsky.graph.getFollows is not a function
        </Text>
        <View
          accessible={true}
          collapsable={false}
          focusable={true}
          onClick={[Function]}
          onResponderGrant={[Function]}
          onResponderMove={[Function]}
          onResponderRelease={[Function]}
          onResponderTerminate={[Function]}
          onResponderTerminationRequest={[Function]}
          onStartShouldSetResponder={[Function]}
          style={
            Object {
              "opacity": 1,
              "paddingHorizontal": 4,
              "paddingVertical": 4,
            }
          }
          testID="errorMessageTryAgainButton"
        >
          <
            icon="arrows-rotate"
            size={18}
            style={
              Object {
                "color": "#d1106f",
              }
            }
          />
        </View>
      </View>
    </View>
  </View>
</View>
`;
